******************************************************************************
                  TI ARM Linker PC v18.12.2                    
******************************************************************************
>> Linked Tue Nov 19 12:08:11 2019

OUTPUT FILE NAME:   <Main Final.out>
ENTRY POINT SYMBOL: "_c_int00_noargs"  address: 00001641


MEMORY CONFIGURATION

         name            origin    length      used     unused   attr    fill
----------------------  --------  ---------  --------  --------  ----  --------
  MAIN                  00000000   00040000  000019b0  0003e650  R  X
  INFO                  00200000   00004000  00000000  00004000  R  X
  SRAM_CODE             01000000   00010000  00000277  0000fd89  RW X
  SRAM_DATA             20000000   00010000  00000277  0000fd89  RW  


SEGMENT ALLOCATION MAP

run origin  load origin   length   init length attrs members
----------  ----------- ---------- ----------- ----- -------
00000000    00000000    000019b0   000019b0    r-x
  00000000    00000000    000000e4   000000e4    r-- .intvecs
  000000e4    000000e4    00001830   00001830    r-x .text
  00001914    00001914    00000044   00000044    r-- .const
  00001958    00001958    00000058   00000058    r-- .cinit
20000000    20000000    00000077   00000000    rw-
  20000000    20000000    00000068   00000000    rw- .data
  20000068    20000068    0000000f   00000000    rw- .bss
2000fe00    2000fe00    00000200   00000000    rw-
  2000fe00    2000fe00    00000200   00000000    rw- .stack


SECTION ALLOCATION MAP

 output                                  attributes/
section   page    origin      length       input sections
--------  ----  ----------  ----------   ----------------
.intvecs   0    00000000    000000e4     
                  00000000    000000e4     startup_msp432p401r_ccs.obj (.intvecs:retain)

.text      0    000000e4    00001830     
                  000000e4    000008b8     main.obj (.text:main)
                  0000099c    0000017c     Clock.obj (.text:Clock_Init48MHz)
                  00000b18    000000d8     HAL_OPT3001.obj (.text:OPT3001_getLux)
                  00000bf0    000000b8     main.obj (.text:Initialize_System)
                  00000ca8    000000b4     Encoder.obj (.text:encoder_init)
                  00000d5c    000000b0     Bump.obj (.text:Bump_Read)
                  00000e0c    000000b0     Motor.obj (.text:motor_init)
                  00000ebc    0000009c     rtsv7M4_T_le_v4SPD16_eabi.lib : memcpy_t2.asm.obj (.text)
                  00000f58    00000098     Encoder.obj (.text:PORT5_IRQHandler)
                  00000ff0    0000008c     HAL_I2C.obj (.text:I2C_read16)
                  0000107c    0000008c     Button.obj (.text:button_init)
                  00001108    00000088     msp432p4xx_driverlib.lib : gpio.o (.text:GPIO_setAsPeripheralModuleFunctionOutputPin)
                  00001190    00000078     system_msp432p401r.obj (.text:SystemInit)
                  00001208    0000006c     msp432p4xx_driverlib.lib : i2c.o (.text:I2C_masterSendMultiByteFinish)
                  00001274    00000068                              : i2c.o (.text:I2C_masterSendMultiByteStart)
                  000012dc    00000068     rtsv7M4_T_le_v4SPD16_eabi.lib : copy_decompress_lzss.c.obj (.text:decompress:lzss:__TI_decompress_lzss)
                  00001344    00000062     msp432p4xx_driverlib.lib : i2c.o (.text:I2C_initMaster)
                  000013a6    00000002     startup_msp432p401r_ccs.obj (.text:Default_Handler)
                  000013a8    00000060     Motor.obj (.text:set_left_motor_pwm)
                  00001408    00000060     Motor.obj (.text:set_right_motor_pwm)
                  00001468    0000005c     Bump.obj (.text:Bump_Init)
                  000014c4    00000048     HAL_I2C.obj (.text:I2C_write16)
                  0000150c    00000044     Button.obj (.text:PORT1_IRQHandler)
                  00001550    00000044     rtsv7M4_T_le_v4SPD16_eabi.lib : autoinit.c.obj (.text:__TI_auto_init_nobinit_nopinit:__TI_auto_init_nobinit_nopinit)
                  00001594    00000040     msp432p4xx_driverlib.lib : i2c.o (.text:I2C_masterReceiveMultiByteFinish)
                  000015d4    00000038                              : i2c.o (.text:I2C_masterSendMultiByteStop)
                  0000160c    00000034                              : i2c.o (.text:I2C_masterSendMultiByteNext)
                  00001640    00000034     rtsv7M4_T_le_v4SPD16_eabi.lib : boot_cortex_m.c.obj (.text:_c_int00_noargs:_c_int00_noargs)
                  00001674    00000034                                   : rand.c.obj (.text:rand)
                  000016a8    00000030     Motor.obj (.text:set_left_motor_direction)
                  000016d8    00000030     Motor.obj (.text:set_right_motor_direction)
                  00001708    0000002c     Clock.obj (.text:Clock_Delay1ms)
                  00001734    00000020     HAL_I2C.obj (.text:I2C_init)
                  00001754    0000001c     msp432p4xx_driverlib.lib : i2c.o (.text:I2C_setMode)
                  00001770    0000001c     HAL_I2C.obj (.text:I2C_setslave)
                  0000178c    0000001c     rtsv7M4_T_le_v4SPD16_eabi.lib : copy_zero_init.c.obj (.text:decompress:ZI:__TI_zero_init_nomemset:__TI_zero_init_nomemset)
                  000017a8    0000001a     msp432p4xx_driverlib.lib : i2c.o (.text:I2C_masterReceiveStart)
                  000017c2    00000018                              : i2c.o (.text:I2C_getInterruptStatus)
                  000017da    00000002     rtsv7M4_T_le_v4SPD16_eabi.lib : _lock.c.obj (.text:_nop)
                  000017dc    00000018     msp432p4xx_driverlib.lib : i2c.o (.text:I2C_isBusBusy)
                  000017f4    00000018     HAL_I2C.obj (.text:Init_I2C_GPIO)
                  0000180c    00000018     Button.obj (.text:button_S1_pressed)
                  00001824    00000018     Button.obj (.text:button_S2_pressed)
                  0000183c    00000016     msp432p4xx_driverlib.lib : i2c.o (.text:I2C_clearInterruptFlag)
                  00001852    00000016                              : i2c.o (.text:I2C_disableModule)
                  00001868    00000016                              : i2c.o (.text:I2C_enableModule)
                  0000187e    00000014                              : i2c.o (.text:I2C_masterReceiveMultiByteNext)
                  00001892    00000014                              : i2c.o (.text:I2C_setSlaveAddress)
                  000018a6    00000014     HAL_OPT3001.obj (.text:OPT3001_init)
                  000018ba    00000002     --HOLE-- [fill = 0]
                  000018bc    00000010     main.obj (.text:SysTick_Handler)
                  000018cc    0000000e     rtsv7M4_T_le_v4SPD16_eabi.lib : copy_decompress_none.c.obj (.text:decompress:none:__TI_decompress_none)
                  000018da    0000000e     Clock.obj (.text:delay)
                  000018e8    0000000c     startup_msp432p401r_ccs.obj (.text:Reset_Handler)
                  000018f4    0000000c     Encoder.obj (.text:get_left_motor_count)
                  00001900    0000000c     Encoder.obj (.text:get_right_motor_count)
                  0000190c    00000004     rtsv7M4_T_le_v4SPD16_eabi.lib : pre_init.c.obj (.text:_system_pre_init)
                  00001910    00000004                                   : exit.c.obj (.text:abort:abort)

.const     0    00001914    00000044     
                  00001914    00000030     msp432p4xx_driverlib.lib : gpio.o (.const:GPIO_PORT_TO_BASE)
                  00001944    00000014     HAL_I2C.obj (.const:i2cConfig)

.cinit     0    00001958    00000058     
                  00001958    0000002d     (.cinit..data.load) [load image, compression = lzss]
                  00001985    00000003     --HOLE-- [fill = 0]
                  00001988    0000000c     (__TI_handler_table)
                  00001994    00000004     --HOLE-- [fill = 0]
                  00001998    00000008     (.cinit..bss.load) [load image, compression = zero_init]
                  000019a0    00000010     (__TI_cinit_table)

.init_array 
*          0    00000000    00000000     UNINITIALIZED

.binit     0    00000000    00000000     

.data      0    20000000    00000068     UNINITIALIZED
                  20000000    00000018     Clock.obj (.data)
                  20000018    00000018     Motor.obj (.data:left_motor_pwm_config)
                  20000030    00000018     Motor.obj (.data:right_motor_pwm_config)
                  20000048    00000009     main.obj (.data)
                  20000051    00000002     Button.obj (.data)
                  20000053    00000001     --HOLE--
                  20000054    00000008     rtsv7M4_T_le_v4SPD16_eabi.lib : _lock.c.obj (.data:$O1$$)
                  2000005c    00000008     Encoder.obj (.data)
                  20000064    00000004     rtsv7M4_T_le_v4SPD16_eabi.lib : rand.c.obj (.data)

.bss       0    20000068    0000000f     UNINITIALIZED
                  20000068    00000004     (.common:lux)
                  2000006c    00000004     (.common:mouse)
                  20000070    00000001     (.common:bump_data)
                  20000071    00000001     (.common:bump_data0)
                  20000072    00000001     (.common:bump_data1)
                  20000073    00000001     (.common:bump_data2)
                  20000074    00000001     (.common:bump_data3)
                  20000075    00000001     (.common:bump_data4)
                  20000076    00000001     (.common:bump_data5)

.stack     0    2000fe00    00000200     UNINITIALIZED
                  2000fe00    00000004     rtsv7M4_T_le_v4SPD16_eabi.lib : boot_cortex_m.c.obj (.stack)
                  2000fe04    000001fc     --HOLE--

MODULE SUMMARY

       Module                        code   ro data   rw data
       ------                        ----   -------   -------
    .\
       main.obj                      2432   0         48     
       system_msp432p401r.obj        120    0         0      
    +--+-----------------------------+------+---------+---------+
       Total:                        2552   0         48     
                                                             
    .\Library\
       Motor.obj                     464    0         96     
       Clock.obj                     438    0         48     
       Encoder.obj                   356    0         16     
       HAL_I2C.obj                   296    20        0      
       Bump.obj                      268    0         0      
       Button.obj                    256    0         4      
       HAL_OPT3001.obj               236    0         0      
    +--+-----------------------------+------+---------+---------+
       Total:                        2314   20        164    
                                                             
    .\ccs\
       startup_msp432p401r_ccs.obj   14     228       0      
    +--+-----------------------------+------+---------+---------+
       Total:                        14     228       0      
                                                             
    C:/ti/simplelink_msp432p4_sdk_3_30_00_13/source/ti/devices/msp432p4xx/driverlib/ccs/msp432p4xx_driverlib.lib
       i2c.o                         690    0         0      
       gpio.o                        136    48        0      
    +--+-----------------------------+------+---------+---------+
       Total:                        826    48        0      
                                                             
    C:\ti\ccs910\ccs\tools\compiler\ti-cgt-arm_18.12.2.LTS\lib\rtsv7M4_T_le_v4SPD16_eabi.lib
       memcpy_t2.asm.obj             156    0         0      
       copy_decompress_lzss.c.obj    104    0         0      
       autoinit.c.obj                68     0         0      
       rand.c.obj                    52     0         8      
       boot_cortex_m.c.obj           52     0         0      
       copy_zero_init.c.obj          28     0         0      
       _lock.c.obj                   2      0         16     
       copy_decompress_none.c.obj    14     0         0      
       exit.c.obj                    4      0         0      
       pre_init.c.obj                4      0         0      
    +--+-----------------------------+------+---------+---------+
       Total:                        484    0         24     
                                                             
       Stack:                        0      0         1024   
       Linker Generated:             0      81        0      
    +--+-----------------------------+------+---------+---------+
       Grand Total:                  6190   377       1260   


LINKER GENERATED COPY TABLES

__TI_cinit_table @ 000019a0 records: 2, size/record: 8, table size: 16
	.data: load addr=00001958, load size=0000002d bytes, run addr=20000000, run size=00000068 bytes, compression=lzss
	.bss: load addr=00001998, load size=00000008 bytes, run addr=20000068, run size=0000000f bytes, compression=zero_init


LINKER GENERATED HANDLER TABLE

__TI_handler_table @ 00001988 records: 3, size/record: 4, table size: 12
	index: 0, handler: __TI_decompress_lzss
	index: 1, handler: __TI_decompress_none
	index: 2, handler: __TI_zero_init


GLOBAL SYMBOLS: SORTED ALPHABETICALLY BY Name 

address   name                                       
-------   ----                                       
000013a7  ADC14_IRQHandler                           
000013a7  AES256_IRQHandler                          
00001469  Bump_Init                                  
00000d5d  Bump_Read                                  
000013a7  BusFault_Handler                           
00001911  C$$EXIT                                    
000013a7  COMP_E0_IRQHandler                         
000013a7  COMP_E1_IRQHandler                         
20000008  CPMwait                                    
000013a7  CS_IRQHandler                              
20000000  ClockFrequency                             
00001709  Clock_Delay1ms                             
0000099d  Clock_Init48MHz                            
20000014  Crystalstable                              
000013a7  DMA_ERR_IRQHandler                         
000013a7  DMA_INT0_IRQHandler                        
000013a7  DMA_INT1_IRQHandler                        
000013a7  DMA_INT2_IRQHandler                        
000013a7  DMA_INT3_IRQHandler                        
000013a7  DebugMon_Handler                           
000013a7  Default_Handler                            
000013a7  EUSCIA0_IRQHandler                         
000013a7  EUSCIA1_IRQHandler                         
000013a7  EUSCIA2_IRQHandler                         
000013a7  EUSCIA3_IRQHandler                         
000013a7  EUSCIB0_IRQHandler                         
000013a7  EUSCIB1_IRQHandler                         
000013a7  EUSCIB2_IRQHandler                         
000013a7  EUSCIB3_IRQHandler                         
000013a7  FLCTL_IRQHandler                           
000013a7  FPU_IRQHandler                             
00001109  GPIO_setAsPeripheralModuleFunctionOutputPin
000013a7  HardFault_Handler                          
0000183d  I2C_clearInterruptFlag                     
00001853  I2C_disableModule                          
00001869  I2C_enableModule                           
000017c3  I2C_getInterruptStatus                     
00001735  I2C_init                                   
00001345  I2C_initMaster                             
000017dd  I2C_isBusBusy                              
00001595  I2C_masterReceiveMultiByteFinish           
0000187f  I2C_masterReceiveMultiByteNext             
000017a9  I2C_masterReceiveStart                     
00001209  I2C_masterSendMultiByteFinish              
0000160d  I2C_masterSendMultiByteNext                
00001275  I2C_masterSendMultiByteStart               
000015d5  I2C_masterSendMultiByteStop                
00000ff1  I2C_read16                                 
00001755  I2C_setMode                                
00001893  I2C_setSlaveAddress                        
00001771  I2C_setslave                               
000014c5  I2C_write16                                
20000010  IFlags                                     
000017f5  Init_I2C_GPIO                              
00000bf1  Initialize_System                          
000013a7  MemManage_Handler                          
000013a7  NMI_Handler                                
00000b19  OPT3001_getLux                             
000018a7  OPT3001_init                               
000013a7  PCM_IRQHandler                             
0000150d  PORT1_IRQHandler                           
0000150d  PORT1_IRQHandler                           
000013a7  PORT2_IRQHandler                           
000013a7  PORT3_IRQHandler                           
000013a7  PORT4_IRQHandler                           
00000f59  PORT5_IRQHandler                           
00000f59  PORT5_IRQHandler                           
000013a7  PORT6_IRQHandler                           
000013a7  PSS_IRQHandler                             
000013a7  PendSV_Handler                             
2000000c  Postwait                                   
20000004  Prewait                                    
000013a7  RTC_C_IRQHandler                           
000018e9  Reset_Handler                              
000013a7  SVC_Handler                                
000018bd  SysTick_Handler                            
000018bd  SysTick_Handler                            
00001191  SystemInit                                 
000013a7  T32_INT1_IRQHandler                        
000013a7  T32_INT2_IRQHandler                        
000013a7  T32_INTC_IRQHandler                        
000013a7  TA0_0_IRQHandler                           
000013a7  TA0_N_IRQHandler                           
000013a7  TA1_0_IRQHandler                           
000013a7  TA1_N_IRQHandler                           
000013a7  TA2_0_IRQHandler                           
000013a7  TA2_N_IRQHandler                           
000013a7  TA3_0_IRQHandler                           
000013a7  TA3_N_IRQHandler                           
000013a7  UsageFault_Handler                         
4000480c  WDTCTL_SYM                                 
000013a7  WDT_A_IRQHandler                           
20010000  __STACK_END                                
00000200  __STACK_SIZE                               
000019a0  __TI_CINIT_Base                            
000019b0  __TI_CINIT_Limit                           
00001988  __TI_Handler_Table_Base                    
00001994  __TI_Handler_Table_Limit                   
00001551  __TI_auto_init_nobinit_nopinit             
000012dd  __TI_decompress_lzss                       
000018cd  __TI_decompress_none                       
ffffffff  __TI_pprof_out_hndl                        
ffffffff  __TI_prof_data_size                        
ffffffff  __TI_prof_data_start                       
00000000  __TI_static_base__                         
0000178d  __TI_zero_init_nomemset                    
00000ebd  __aeabi_memcpy                             
00000ebd  __aeabi_memcpy4                            
00000ebd  __aeabi_memcpy8                            
ffffffff  __binit__                                  
ffffffff  __c_args__                                 
UNDEFED   __mpu_init                                 
2000fe00  __stack                                    
00001641  _c_int00_noargs                            
20000054  _lock                                      
000017db  _nop                                       
UNDEFED   _system_post_cinit                         
0000190d  _system_pre_init                           
20000058  _unlock                                    
00001911  abort                                      
ffffffff  binit                                      
20000070  bump_data                                  
20000071  bump_data0                                 
20000072  bump_data1                                 
20000073  bump_data2                                 
20000074  bump_data3                                 
20000075  bump_data4                                 
20000076  bump_data5                                 
0000180d  button_S1_pressed                          
20000051  button_S1_pressed_flag                     
00001825  button_S2_pressed                          
20000052  button_S2_pressed_flag                     
0000107d  button_init                                
000018db  delay                                      
00000ca9  encoder_init                               
000018f5  get_left_motor_count                       
00001901  get_right_motor_count                      
2000004c  i                                          
00001944  i2cConfig                                  
00000000  interruptVectors                           
2000005c  left_motor_count                           
20000018  left_motor_pwm_config                      
20000068  lux                                        
000000e5  main                                       
00000ebd  memcpy                                     
00000e0d  motor_init                                 
2000006c  mouse                                      
00001675  rand                                       
20000060  right_motor_count                          
20000030  right_motor_pwm_config                     
000016a9  set_left_motor_direction                   
000013a9  set_left_motor_pwm                         
000016d9  set_right_motor_direction                  
00001409  set_right_motor_pwm                        
20000050  state                                      
20000048  tick                                       


GLOBAL SYMBOLS: SORTED BY Symbol Address 

address   name                                       
-------   ----                                       
00000000  __TI_static_base__                         
00000000  interruptVectors                           
000000e5  main                                       
00000200  __STACK_SIZE                               
0000099d  Clock_Init48MHz                            
00000b19  OPT3001_getLux                             
00000bf1  Initialize_System                          
00000ca9  encoder_init                               
00000d5d  Bump_Read                                  
00000e0d  motor_init                                 
00000ebd  __aeabi_memcpy                             
00000ebd  __aeabi_memcpy4                            
00000ebd  __aeabi_memcpy8                            
00000ebd  memcpy                                     
00000f59  PORT5_IRQHandler                           
00000f59  PORT5_IRQHandler                           
00000ff1  I2C_read16                                 
0000107d  button_init                                
00001109  GPIO_setAsPeripheralModuleFunctionOutputPin
00001191  SystemInit                                 
00001209  I2C_masterSendMultiByteFinish              
00001275  I2C_masterSendMultiByteStart               
000012dd  __TI_decompress_lzss                       
00001345  I2C_initMaster                             
000013a7  ADC14_IRQHandler                           
000013a7  AES256_IRQHandler                          
000013a7  BusFault_Handler                           
000013a7  COMP_E0_IRQHandler                         
000013a7  COMP_E1_IRQHandler                         
000013a7  CS_IRQHandler                              
000013a7  DMA_ERR_IRQHandler                         
000013a7  DMA_INT0_IRQHandler                        
000013a7  DMA_INT1_IRQHandler                        
000013a7  DMA_INT2_IRQHandler                        
000013a7  DMA_INT3_IRQHandler                        
000013a7  DebugMon_Handler                           
000013a7  Default_Handler                            
000013a7  EUSCIA0_IRQHandler                         
000013a7  EUSCIA1_IRQHandler                         
000013a7  EUSCIA2_IRQHandler                         
000013a7  EUSCIA3_IRQHandler                         
000013a7  EUSCIB0_IRQHandler                         
000013a7  EUSCIB1_IRQHandler                         
000013a7  EUSCIB2_IRQHandler                         
000013a7  EUSCIB3_IRQHandler                         
000013a7  FLCTL_IRQHandler                           
000013a7  FPU_IRQHandler                             
000013a7  HardFault_Handler                          
000013a7  MemManage_Handler                          
000013a7  NMI_Handler                                
000013a7  PCM_IRQHandler                             
000013a7  PORT2_IRQHandler                           
000013a7  PORT3_IRQHandler                           
000013a7  PORT4_IRQHandler                           
000013a7  PORT6_IRQHandler                           
000013a7  PSS_IRQHandler                             
000013a7  PendSV_Handler                             
000013a7  RTC_C_IRQHandler                           
000013a7  SVC_Handler                                
000013a7  T32_INT1_IRQHandler                        
000013a7  T32_INT2_IRQHandler                        
000013a7  T32_INTC_IRQHandler                        
000013a7  TA0_0_IRQHandler                           
000013a7  TA0_N_IRQHandler                           
000013a7  TA1_0_IRQHandler                           
000013a7  TA1_N_IRQHandler                           
000013a7  TA2_0_IRQHandler                           
000013a7  TA2_N_IRQHandler                           
000013a7  TA3_0_IRQHandler                           
000013a7  TA3_N_IRQHandler                           
000013a7  UsageFault_Handler                         
000013a7  WDT_A_IRQHandler                           
000013a9  set_left_motor_pwm                         
00001409  set_right_motor_pwm                        
00001469  Bump_Init                                  
000014c5  I2C_write16                                
0000150d  PORT1_IRQHandler                           
0000150d  PORT1_IRQHandler                           
00001551  __TI_auto_init_nobinit_nopinit             
00001595  I2C_masterReceiveMultiByteFinish           
000015d5  I2C_masterSendMultiByteStop                
0000160d  I2C_masterSendMultiByteNext                
00001641  _c_int00_noargs                            
00001675  rand                                       
000016a9  set_left_motor_direction                   
000016d9  set_right_motor_direction                  
00001709  Clock_Delay1ms                             
00001735  I2C_init                                   
00001755  I2C_setMode                                
00001771  I2C_setslave                               
0000178d  __TI_zero_init_nomemset                    
000017a9  I2C_masterReceiveStart                     
000017c3  I2C_getInterruptStatus                     
000017db  _nop                                       
000017dd  I2C_isBusBusy                              
000017f5  Init_I2C_GPIO                              
0000180d  button_S1_pressed                          
00001825  button_S2_pressed                          
0000183d  I2C_clearInterruptFlag                     
00001853  I2C_disableModule                          
00001869  I2C_enableModule                           
0000187f  I2C_masterReceiveMultiByteNext             
00001893  I2C_setSlaveAddress                        
000018a7  OPT3001_init                               
000018bd  SysTick_Handler                            
000018bd  SysTick_Handler                            
000018cd  __TI_decompress_none                       
000018db  delay                                      
000018e9  Reset_Handler                              
000018f5  get_left_motor_count                       
00001901  get_right_motor_count                      
0000190d  _system_pre_init                           
00001911  C$$EXIT                                    
00001911  abort                                      
00001944  i2cConfig                                  
00001988  __TI_Handler_Table_Base                    
00001994  __TI_Handler_Table_Limit                   
000019a0  __TI_CINIT_Base                            
000019b0  __TI_CINIT_Limit                           
20000000  ClockFrequency                             
20000004  Prewait                                    
20000008  CPMwait                                    
2000000c  Postwait                                   
20000010  IFlags                                     
20000014  Crystalstable                              
20000018  left_motor_pwm_config                      
20000030  right_motor_pwm_config                     
20000048  tick                                       
2000004c  i                                          
20000050  state                                      
20000051  button_S1_pressed_flag                     
20000052  button_S2_pressed_flag                     
20000054  _lock                                      
20000058  _unlock                                    
2000005c  left_motor_count                           
20000060  right_motor_count                          
20000068  lux                                        
2000006c  mouse                                      
20000070  bump_data                                  
20000071  bump_data0                                 
20000072  bump_data1                                 
20000073  bump_data2                                 
20000074  bump_data3                                 
20000075  bump_data4                                 
20000076  bump_data5                                 
2000fe00  __stack                                    
20010000  __STACK_END                                
4000480c  WDTCTL_SYM                                 
ffffffff  __TI_pprof_out_hndl                        
ffffffff  __TI_prof_data_size                        
ffffffff  __TI_prof_data_start                       
ffffffff  __binit__                                  
ffffffff  __c_args__                                 
ffffffff  binit                                      
UNDEFED   __mpu_init                                 
UNDEFED   _system_post_cinit                         

[156 symbols]
